[0.182s] DEBUG:colcon:Command line arguments: ['/usr/bin/colcon', 'build', '--packages-select', 'camera']
[0.182s] DEBUG:colcon:Parsed command line arguments: Namespace(log_base=None, log_level=None, verb_name='build', build_base='build', install_base='install', merge_install=False, symlink_install=False, test_result_base=None, continue_on_error=False, executor='parallel', parallel_workers=16, event_handlers=None, ignore_user_meta=False, metas=['./colcon.meta'], base_paths=['.'], packages_ignore=None, packages_ignore_regex=None, paths=None, packages_up_to=None, packages_up_to_regex=None, packages_above=None, packages_above_and_dependencies=None, packages_above_depth=None, packages_select_by_dep=None, packages_skip_by_dep=None, packages_skip_up_to=None, packages_select_build_failed=False, packages_skip_build_finished=False, packages_select_test_failures=False, packages_skip_test_passed=False, packages_select=['camera'], packages_skip=None, packages_select_regex=None, packages_skip_regex=None, packages_start=None, packages_end=None, allow_overriding=[], cmake_args=None, cmake_target=None, cmake_target_skip_unavailable=False, cmake_clean_cache=False, cmake_clean_first=False, cmake_force_configure=False, ament_cmake_args=None, catkin_cmake_args=None, catkin_skip_building_tests=False, mixin_files=None, mixin=None, verb_parser=<colcon_mixin.mixin.mixin_argument.MixinArgumentDecorator object at 0x7ccbf9832cc0>, verb_extension=<colcon_core.verb.build.BuildVerb object at 0x7ccbf99634a0>, main=<bound method BuildVerb.main of <colcon_core.verb.build.BuildVerb object at 0x7ccbf99634a0>>, mixin_verb=('build',))
[0.256s] Level 1:colcon.colcon_core.package_discovery:discover_packages(colcon_meta) check parameters
[0.256s] Level 1:colcon.colcon_core.package_discovery:discover_packages(recursive) check parameters
[0.256s] Level 1:colcon.colcon_core.package_discovery:discover_packages(ignore) check parameters
[0.256s] Level 1:colcon.colcon_core.package_discovery:discover_packages(path) check parameters
[0.256s] Level 1:colcon.colcon_core.package_discovery:discover_packages(colcon_meta) discover
[0.257s] Level 1:colcon.colcon_core.package_discovery:discover_packages(recursive) discover
[0.257s] INFO:colcon.colcon_core.package_discovery:Crawling recursively for packages in '/home/daxterjak/RoboticAlt/phase2/ros2_ws'
[0.257s] Level 1:colcon.colcon_core.package_identification:_identify(.) by extensions ['ignore', 'ignore_ament_install']
[0.257s] Level 1:colcon.colcon_core.package_identification:_identify(.) by extension 'ignore'
[0.257s] Level 1:colcon.colcon_core.package_identification:_identify(.) by extension 'ignore_ament_install'
[0.257s] Level 1:colcon.colcon_core.package_identification:_identify(.) by extensions ['colcon_pkg']
[0.257s] Level 1:colcon.colcon_core.package_identification:_identify(.) by extension 'colcon_pkg'
[0.257s] Level 1:colcon.colcon_core.package_identification:_identify(.) by extensions ['colcon_meta']
[0.257s] Level 1:colcon.colcon_core.package_identification:_identify(.) by extension 'colcon_meta'
[0.258s] Level 1:colcon.colcon_core.package_identification:_identify(.) by extensions ['ros']
[0.258s] Level 1:colcon.colcon_core.package_identification:_identify(.) by extension 'ros'
[0.301s] DEBUG:colcon.colcon_core.package_identification:Package '.' with type 'ros.ament_python' and name 'diff_drive_l298n'
[0.301s] Level 1:colcon.colcon_core.package_discovery:discover_packages(recursive) using defaults
[0.301s] Level 1:colcon.colcon_core.package_discovery:discover_packages(ignore) discover
[0.301s] Level 1:colcon.colcon_core.package_discovery:discover_packages(ignore) using defaults
[0.301s] Level 1:colcon.colcon_core.package_discovery:discover_packages(path) discover
[0.301s] Level 1:colcon.colcon_core.package_discovery:discover_packages(path) using defaults
[0.301s] WARNING:colcon.colcon_core.package_selection:ignoring unknown package 'camera' in --packages-select
[0.331s] INFO:colcon.colcon_core.package_selection:Skipping not selected package 'diff_drive_l298n' in '.'
[0.332s] Level 1:colcon.colcon_core.package_discovery:discover_packages(prefix_path) check parameters
[0.332s] Level 1:colcon.colcon_core.package_discovery:discover_packages(prefix_path) discover
[0.334s] Level 1:colcon.colcon_core.package_discovery:discover_packages(prefix_path) using defaults
[0.335s] INFO:colcon.colcon_core.executor:Executing jobs using 'parallel' executor
[0.337s] DEBUG:colcon.colcon_parallel_executor.executor.parallel:run_until_complete
[0.337s] DEBUG:colcon.colcon_parallel_executor.executor.parallel:closing loop
[0.337s] DEBUG:colcon.colcon_parallel_executor.executor.parallel:loop closed
[0.337s] DEBUG:colcon.colcon_parallel_executor.executor.parallel:run_until_complete finished with '0'
[0.337s] DEBUG:colcon.colcon_core.event_reactor:joining thread
[0.345s] INFO:colcon.colcon_core.plugin_system:Skipping extension 'colcon_notification.desktop_notification.terminal_notifier': Not used on non-Darwin systems
[0.346s] INFO:colcon.colcon_core.plugin_system:Skipping extension 'colcon_notification.desktop_notification.win32': Not used on non-Windows systems
[0.346s] INFO:colcon.colcon_notification.desktop_notification:Sending desktop notification using 'notify2'
[0.367s] DEBUG:colcon.colcon_core.event_reactor:joined thread
[0.371s] INFO:colcon.colcon_core.plugin_system:Skipping extension 'colcon_core.shell.bat': Not used on non-Windows systems
[0.371s] INFO:colcon.colcon_core.shell:Creating prefix script '/home/daxterjak/RoboticAlt/phase2/ros2_ws/install/local_setup.ps1'
[0.373s] INFO:colcon.colcon_core.shell:Creating prefix util module '/home/daxterjak/RoboticAlt/phase2/ros2_ws/install/_local_setup_util_ps1.py'
[0.375s] INFO:colcon.colcon_core.shell:Creating prefix chain script '/home/daxterjak/RoboticAlt/phase2/ros2_ws/install/setup.ps1'
[0.376s] INFO:colcon.colcon_core.shell:Creating prefix script '/home/daxterjak/RoboticAlt/phase2/ros2_ws/install/local_setup.sh'
[0.377s] INFO:colcon.colcon_core.shell:Creating prefix util module '/home/daxterjak/RoboticAlt/phase2/ros2_ws/install/_local_setup_util_sh.py'
[0.377s] INFO:colcon.colcon_core.shell:Creating prefix chain script '/home/daxterjak/RoboticAlt/phase2/ros2_ws/install/setup.sh'
[0.378s] INFO:colcon.colcon_core.shell:Creating prefix script '/home/daxterjak/RoboticAlt/phase2/ros2_ws/install/local_setup.bash'
[0.379s] INFO:colcon.colcon_core.shell:Creating prefix chain script '/home/daxterjak/RoboticAlt/phase2/ros2_ws/install/setup.bash'
[0.380s] INFO:colcon.colcon_core.shell:Creating prefix script '/home/daxterjak/RoboticAlt/phase2/ros2_ws/install/local_setup.zsh'
[0.381s] INFO:colcon.colcon_core.shell:Creating prefix chain script '/home/daxterjak/RoboticAlt/phase2/ros2_ws/install/setup.zsh'
